[39A













                                      ╭──────────────────────────────────────────╮                                      
                                      │                                          │                                      
                                      │  Select Stack                            │                                      
                                      │                                          │                                      
                                      │    + New Stack                           │                                      
                                      │  > dev (current)                         │                                      
                                      │    staging                               │                                      
                                      │                                          │                                      
                                      │  ↑/↓ navigate  enter select  esc cancel  │                                      
                                      │                                          │                                      
                                      ╰──────────────────────────────────────────╯                                      














