╭──────────────────────────────────────────────────────────────────────────────────────────────────────────────────────╮
│ Program: multi-stack  │  Stack: staging  │  Runtime: go                                                              │
│ Stack  4 resources                                                                                                   │
╰──────────────────────────────────────────────────────────────────────────────────────────────────────────────────────╯
















                                             ◐  Loading stack resources...

















             u up  r refresh  d destroy  x delete  v select  D details  s stack  w workspace  h history  ? help  q quit