╭──────────────────────────────────────────────────────────────────────────────────────────────────────────────────────╮
│ Program: multi-stack  │  Stack: staging  │  Runtime: go                                                              │
│ ◐  Loading...                                                                                                        │
╰──────────────────────────────────────────────────────────────────────────────────────────────────────────────────────╯
















                                                      No resources

















             u up  r refresh  d destroy  x delete  v select  D details  s stack  w workspace  h history  ? help  q quit