[?25l[?2004h╭──────────────────────────────────────────────────────────────────────────────────────────────────────────────────────╮
│ Program: test-project  │  Stack: dev  │  Runtime: ?                                                                  │
│ Stack  5 resources                                                                                                   │
╰──────────────────────────────────────────────────────────────────────────────────────────────────────────────────────╯
                                                                                                                        
  > [ ] pulumi:pulumi:Stack  myapp-dev                                                                                  
    ├─ [ ] aws:s3:Bucket  data-bucket                                                                                   
    ├─ [ ] aws:iam:Role  lambda-role                                                                                    
    ├─ [ ] aws:lambda:Function  api-handler                                                                             
    └─ [ ] aws:apigateway:RestApi  api                                                                                  
                                                                                                                        
                                                                                                                        
                                                                                                                        
                                                                                                                        
                                                                                                                        
                                                                                                                        
                                                                                                                        
                                                                                                                        
                                                                                                                        
                                                                                                                        
                                                                                                                        
                                                                                                                        
                                                                                                                        
                                                                                                                        
                                                                                                                        
                                                                                                                        
                                                                                                                        
                                                                                                                        
                                                                                                                        
                                                                                                                        
                                                                                                                        
                                                                                                                        
                                                                                                                        
                                                                                                                        
                                                                                                                        
                                                                                                                        
                                                                                                                        
                                                                                                                        
             u up  r refresh  d destroy  x delete  v select  D details  s stack  w workspace  h history  ? help  q quit [38A

│ Preview Up  +1                                                                                                       │


  > [+] aws:dynamodb:Table  users-table                                                                                 
                                                                                                                        
                                                                                                                        
                                                                                                                        
                                                                                                                        




























               ctrl+u execute  I import  esc back  v select  D details  s stack  w workspace  h history  ? help  q quit [38A



                                                            ╭──────────────────────────────────────────────────────────╮
  > [+] aws:dynamodb:Table  users-table                     │                                                          │
                                                            │  users-table                                             │
                                                            │                                                          │
                                                            │  Type: aws:dynamodb:Table                                │
                                                            │  Op: create                                              │
                                                            │                                                          │
                                                            │  ─── Properties ───                                      │
                                                            │                                                          │
                                                            │  + billingMode: "PAY_PER_REQUEST"                        │
                                                            │  + hashKey: "userId"                                     │
                                                            │  + name: "myapp-users"                                   │
                                                            │                                                          │
                                                            │                                                          │
                                                            │                                                          │
                                                            │                                                          │
                                                            │                                                          │
                                                            │                                                          │
                                                            │                                                          │
                                                            │                                                          │
                                                            │                                                          │
                                                            │                                                          │
                                                            │                                                          │
                                                            │                                                          │
                                                            │                                                          │
                                                            │                                                          │
                                                            │                                                          │
                                                            │                                                          │
                                                            │                                                          │
                                                            │                                                          │
                                                            │                                                          │
                                                            │                                                          │
                                                            │                                                          │
                                                            ╰──────────────────────────────────────────────────────────╯
[38A



                                                                                                                        
  > [+] aws:dynamodb:Table  users-table                                                                                 
                                                                                                                        
                                                                                                                        
                                                                                                                        
                                                                                                                        
                                                                                                                        
                                                                                                                        
                                                                                                                        
                                                                                                                        
                                                                                                                        
                                                                                                                        
                                                                                                                        
                                                                                                                        
                                                                                                                        
                                                                                                                        
                                                                                                                        
                                                                                                                        
                                                                                                                        
                                                                                                                        
                                                                                                                        
                                                                                                                        
                                                                                                                        
                                                                                                                        
                                                                                                                        
                                                                                                                        
                                                                                                                        
                                                                                                                        
                                                                                                                        
                                                                                                                        
                                                                                                                        
                                                                                                                        
                                                                                                                        
                                                                                                                        
[38A

│ Execute Up  +1                                                                                                       │


  > [+] aws:dynamodb:Table  users-table created                                                                         
































                                       esc cancel  v select  D details  s stack  w workspace  h history  ? help  q quit 