[38A                                                                                                                        
                                                                                                                        
                                                                                                                        
                                                                                                                        

                                                                                                                        
                                                                                                                        
                                                                                                                        





                                  ╭─────────────────────────────────────────────────╮                                   
                                  │                                                 │                                   
                                  │  Delete from State                              │                                   
                                  │                                                 │                                   
                                  │  Remove 'test-id' from Pulumi state?            │                                   
                                  │                                                 │                                   
                                  │  Type: random:index/randomId:RandomId           │                                   
                                  │                                                 │                                   
                                  │  This will NOT delete the actual resource.      │                                   
                                  │  The resource will become unmanaged by Pulumi.  │                                   
                                  │                                                 │                                   
                                  │  y Delete  n/esc Cancel                         │                                   
                                  │                                                 │                                   
                                  ╰─────────────────────────────────────────────────╯                                   











                                                                                                                        
                                                                                                                        