╭──────────────────────────────────────────────────────────────────────────────────────────────────────────────────────╮
│ Program: simple  │  Stack: test  │  Runtime: go                                                                      │
│ Preview Up  +3                                                                                                       │
╰──────────────────────────────────────────────────────────────────────────────────────────────────────────────────────╯

  > [+] pulumi:providers:random  default_4_16_2
    [+] pulumi:pulumi:Stack  simple-test
    └─ [+] random:index/randomId:RandomId  test-id






























               ctrl+u execute  I import  esc back  v select  D details  s stack  w workspace  h history  ? help  q quit