[39A╭──────────────────────────────────────────────────────────────────────────────────────────────────────────────────────╮
│ Program: simple  │  Stack: test  │  Runtime: go                                                                      │
│ Stack  3 resources                                                                                                   │
╰──────────────────────────────────────────────────────────────────────────────────────────────────────────────────────╯

  > [ ] pulumi:providers:random  default_4_16_2                                                                         
    [ ] pulumi:pulumi:Stack  simple-test                                                                                
    └─ [ ] random:index/randomId:RandomId  test-id                                                                      






                                                                                                                        
                                                                                                                        
                                                                                                                        
                                                                                                                        
                                                                                                                        
                                                                                                                        
                                                                                                                        
                                                                                                                        
                                                                                                                        
                                                                                                                        
                                                                                                                        













             u up  r refresh  d destroy  x delete  v select  D details  s stack  w workspace  h history  ? help  q quit [J