[38A




    [ ] pulumi:pulumi:Stack  myapp-dev                                                                                  
  > ├─ [ ] aws:s3:Bucket  data-bucket                                                                                   































[38A





    ├─ [ ] aws:s3:Bucket  data-bucket                                                                                   
  > ├─ [ ] aws:iam:Role  lambda-role                                                                                    






























[38A






    ├─ [ ] aws:iam:Role  lambda-role                                                                                    
  > ├─ [ ] aws:lambda:Function  api-handler                                                                             





























[38A







    ├─ [ ] aws:lambda:Function  api-handler                                                                             
  > └─ [ ] aws:apigateway:RestApi  api                                                                                  




























[38A



                                                            ╭──────────────────────────────────────────────────────────╮
    [ ] pulumi:pulumi:Stack  myapp-dev                      │                                                          │
    ├─ [ ] aws:s3:Bucket  data-bucket                       │  api                                                     │
    ├─ [ ] aws:iam:Role  lambda-role                        │                                                          │
    ├─ [ ] aws:lambda:Function  api-handler                 │  Type: aws:apigateway:RestApi                            │
  > └─ [ ] aws:apigateway:RestApi  api                      │  Op: unchanged                                           │
                                                            │                                                          │
                                                            │  ─── Properties ───                                      │
                                                            │                                                          │
                                                            │    description: "MyApp REST API"                         │
                                                            │    name: "myapp-api"                                     │
                                                            │                                                          │
                                                            │  ── Computed ──                                          │
                                                            │  + executionArn: "arn:aws:execute-api:us-east-1"...      │
                                                            │  + id: "abc123"                                          │
                                                            │  + rootResourceId: "xyz789"                              │
                                                            │                                                          │
                                                            │                                                          │
                                                            │                                                          │
                                                            │                                                          │
                                                            │                                                          │
                                                            │                                                          │
                                                            │                                                          │
                                                            │                                                          │
                                                            │                                                          │
                                                            │                                                          │
                                                            │                                                          │
                                                            │                                                          │
                                                            │                                                          │
                                                            │                                                          │
                                                            │                                                          │
                                                            │                                                          │
                                                            │                                                          │
                                                            ╰──────────────────────────────────────────────────────────╯
