╭──────────────────────────────────────────────────────────────────────────────────────────────────────────────────────╮
│ Program: multi  │  Stack: test  │  Runtime: go                                                                       │
│ Stack  4 resources                                                                                                   │
╰──────────────────────────────────────────────────────────────────────────────────────────────────────────────────────╯

    [ ] pulumi:pulumi:Stack  multi-test
    ├─ [ ] random:index/randomId:RandomId  base-id
  > └─ [ ] random:index/randomString:RandomString  derived-string
    [ ] pulumi:providers:random  default_4_16_2





























 VISUAL                                                                      T target  R replace  E exclude  esc cancel