                                                                                
                                                                                
                                                                                
                                                                                
                                                                                
                                                                                
                  ╭──────────────────────────────────────────╮                  
                  │                                          │                  
                  │  Select Stack                            │                  
                  │                                          │                  
                  │    + New Stack                           │                  
                  │  > dev (current)                         │                  
                  │    staging                               │                  
                  │    production                            │                  
                  │                                          │                  
                  │  ↑/↓ navigate  enter select  esc cancel  │                  
                  │                                          │                  
                  ╰──────────────────────────────────────────╯                  
                                                                                
                                                                                
                                                                                
                                                                                
                                                                                
                                                                                