                                                                                
                                                                                
                                                                                
                                                                                
                                                                                
                                                                                
                  ╭──────────────────────────────────────────╮                  
                  │                                          │                  
                  │  Select Item                             │                  
                  │                                          │                  
                  │    dev-bucket                            │                  
                  │  > staging-bucket                        │                  
                  │                                          │                  
                  │  /bucket                          (2/4)  │                  
                  │  ↑/↓ navigate  enter select  esc cancel  │                  
                  │                                          │                  
                  ╰──────────────────────────────────────────╯                  
                                                                                
                                                                                
                                                                                
                                                                                
                                                                                
                                                                                
                                                                                