╭──────────────────────────────────────────────────────────────────────────────╮
│ Program: my-app  │  Stack: dev  │  Runtime: go                               │
│ Preview Refresh  No changes                                                  │
╰──────────────────────────────────────────────────────────────────────────────╯