                                                                                
                                                                                
                                                                                
                                                                                
          ╭─────────────────────────────────────────────────────────╮           
          │                                                         │           
          │  Import Resource                                        │           
          │                                                         │           
          │  Type: aws:s3/bucket:Bucket                             │           
          │  Name: my-bucket                                        │           
          │                                                         │           
          │  Suggestions                                            │           
          │    Loading...                                           │           
          │  Import ID                                              │           
          │  > Enter import ID...                                   │           
          │                                                         │           
          │  tab suggestions  enter select/confirm  esc cancel      │           
          │                                                         │           
          ╰─────────────────────────────────────────────────────────╯           
                                                                                
                                                                                
                                                                                
                                                                                
                                                                                