                                                                                
                                                                                
                                                                                
                                                                                
                                                                                
                                                                                
                                                                                
             ╭────────────────────────────────────────────────────╮             
             │                                                    │             
             │  Select Workspace                                  │             
             │                                                    │             
             │  No Pulumi projects found                          │             
             │                                                    │             
             │  ↑/↓ navigate  / filter  enter select  esc cancel  │             
             │                                                    │             
             ╰────────────────────────────────────────────────────╯             
                                                                                
                                                                                
                                                                                
                                                                                
                                                                                
                                                                                
                                                                                
                                                                                