                                                                                
                                                                                
                                                                                
                                                                                
                                                                                
                                                                                
                                                                                
             ╭────────────────────────────────────────────────────╮             
             │                                                    │             
             │  Select Item                                       │             
             │                                                    │             
             │  failed to load items                              │             
             │                                                    │             
             │  ↑/↓ navigate  / filter  enter select  esc cancel  │             
             │                                                    │             
             ╰────────────────────────────────────────────────────╯             
                                                                                
                                                                                
                                                                                
                                                                                
                                                                                
                                                                                
                                                                                
                                                                                