╭──────────────────────────────────────────────────────────────────────────────╮
│                                                                              │
│  Update #3                                                                   │
│                                                                              │
│  Kind: update                                                                │
│  Result: failed                                                              │
│  User: developer                                                             │
│  Started: 2024-01-15 10:30:00                                                │
│  Ended: 2024-01-15 10:31:00                                                  │
│  Duration: 1m 0s                                                             │
│                                                                              │
│  Message:                                                                    │
│  Failed to create resource                                                   │
│                                                                              │
│  ─── Resource Changes ───                                                    │
│                                                                              │
│    - 1 deleted                                                               │
│                                                                              │
│  Total: 1 resources                                                          │
│                                                                              │
│                                                                              │
│                                                                              │
│                                                                              │
╰──────────────────────────────────────────────────────────────────────────────╯