                                                                                
                                                                                
                                                                                
                                                                                
                                                                                
                                                                                
          ╭─────────────────────────────────────────────────────────╮           
          │                                                         │           
          │  Enter Credentials                                      │           
          │                                                         │           
          │  Enter Password                                         │           
          │                                                         │           
          │  Password                                               │           
          │  > Enter password...                                    │           
          │                                                         │           
          │  enter confirm  esc cancel                              │           
          │                                                         │           
          ╰─────────────────────────────────────────────────────────╯           
                                                                                
                                                                                
                                                                                
                                                                                
                                                                                
                                                                                