                                                                                
                                                                                
                 ╭────────────────────────────────────────────╮                 
                 │                                            │                 
                 │  Keyboard Shortcuts [1-13/40]              │                 
                 │                                            │                 
                 │  Navigation                                │                 
                 │         ↑/k  Move up                       │                 
                 │         ↓/j  Move down                     │                 
                 │        pgup  Page up                       │                 
                 │        pgdn  Page down                     │                 
                 │           g  Go to top                     │                 
                 │           G  Go to bottom                  │                 
                 │                                            │                 
                 │                                            │                 
                 │  Selection                                 │                 
                 │           v  Visual select mode            │                 
                 │           T  Toggle target flag            │                 
                 │           R  Toggle replace flag           │                 
                 │        ▼ more below                        │                 
                 │                                            │                 
                 ╰────────────────────────────────────────────╯                 
                                                                                
                                                                                