╭──────────────────────────────────────────────────────────────────────────────╮
│                                                                              │
│  my-bucket                                                                   │
│                                                                              │
│  Type: aws:s3/bucket:Bucket                                                  │
│  Op: create  Status: pending                                                 │
│                                                                              │
│  ─── Properties ───                                                          │
│                                                                              │
│  + bucketName: "my-bucket"                                                   │
│  + region: "us-west-2"                                                       │
│                                                                              │
│  ── Computed ──                                                              │
│  + arn: "arn:aws:s3:::my-bucket"                                             │
│  + id: "bucket-12345"                                                        │
│                                                                              │
│                                                                              │
│                                                                              │
│                                                                              │
│                                                                              │
│                                                                              │
│                                                                              │
│                                                                              │
╰──────────────────────────────────────────────────────────────────────────────╯