╭──────────────────────────────────────────────────────────────────────────────╮
│                                                                              │
│  my-bucket                                                                   │
│                                                                              │
│  Type: aws:s3/bucket:Bucket                                                  │
│  Op: update  Status: running (update)                                        │
│                                                                              │
│  ─── Properties ───                                                          │
│                                                                              │
│  ~ bucketName: "old-bucket" > "new-bucket"                                   │
│                                                                              │
│                                                                              │
│                                                                              │
│                                                                              │
│                                                                              │
│                                                                              │
│                                                                              │
│                                                                              │
│                                                                              │
│                                                                              │
│                                                                              │
│                                                                              │
│                                                                              │
╰──────────────────────────────────────────────────────────────────────────────╯