                                                                                
                                                                                
                                                                                
                                                                                
                                                                                
                                                                                
          ╭─────────────────────────────────────────────────────────╮           
          │                                                         │           
          │  Configure                                              │           
          │                                                         │           
          │  Enter Name                                             │           
          │                                                         │           
          │  Name                                                   │           
          │  > Enter a name...                                      │           
          │                                                         │           
          │  enter confirm  esc cancel                              │           
          │                                                         │           
          ╰─────────────────────────────────────────────────────────╯           
                                                                                
                                                                                
                                                                                
                                                                                
                                                                                
                                                                                