╭──────────────────────────────────────────────────────────────────────────────╮
│ Program: my-app  │  Stack: dev  │  Runtime: go                               │
│ Stack  10 resources                                                          │
╰──────────────────────────────────────────────────────────────────────────────╯