                                                                                
                                                                                
                                                                                
                                                                                
          ╭─────────────────────────────────────────────────────────╮           
          │                                                         │           
          │  Select Provider                                        │           
          │                                                         │           
          │  Choose Provider                                        │           
          │                                                         │           
          │  > AWS - Amazon Web Services                            │           
          │    GCP - Google Cloud Platform                          │           
          │    Azure - Microsoft Azure                              │           
          │                                                         │           
          │  Provider                                               │           
          │  > Enter provider...                                    │           
          │                                                         │           
          │  tab suggestions  enter confirm  esc cancel             │           
          │                                                         │           
          ╰─────────────────────────────────────────────────────────╯           
                                                                                
                                                                                
                                                                                
                                                                                