                                                                                
                                                                                
                                                                                
                                                                                
                                                                                
                                                                                
                                                                                
                    ╭─────────────────────────────────────╮                     
                    │                                     │                     
                    │  Confirm Action                     │                     
                    │                                     │                     
                    │  Are you sure you want to proceed?  │                     
                    │                                     │                     
                    │  y Confirm  n/esc Cancel            │                     
                    │                                     │                     
                    ╰─────────────────────────────────────╯                     
                                                                                
                                                                                
                                                                                
                                                                                
                                                                                
                                                                                
                                                                                
                                                                                