                                                           
  > #4  destroy  succeeded  2024-01-20 10:00  no changes   
    #3  refresh  succeeded  2024-01-19 10:00  no changes   
    #2  preview  succeeded  2024-01-18 10:00  no changes   
    #1  update  in-progress  2024-01-17 10:00  no changes  
                                                           
                                                           