                                                                                
                                                                                
                                                                                
                                                                                
                                                                                
                                                                                
                                                                                
                     ╭────────────────────────────────────╮                     
                     │                                    │                     
                     │  Confirm Delete                    │                     
                     │                                    │                     
                     │  Delete this item?                 │                     
                     │                                    │                     
                     │  d Yes, delete  n/esc No, keep it  │                     
                     │                                    │                     
                     ╰────────────────────────────────────╯                     
                                                                                
                                                                                
                                                                                
                                                                                
                                                                                
                                                                                
                                                                                
                                                                                