                                                                                
                                                                                
                                                                                
                                                                                
                                                                                
          ╭─────────────────────────────────────────────────────────╮           
          │                                                         │           
          │  Dangerous Action                                       │           
          │                                                         │           
          │  Confirm Action                                         │           
          │                                                         │           
          │  ! This will delete all data and cannot be undone!      │           
          │                                                         │           
          │  Confirmation                                           │           
          │  > Type 'delete' to confirm...                          │           
          │                                                         │           
          │  enter confirm  esc cancel                              │           
          │                                                         │           
          ╰─────────────────────────────────────────────────────────╯           
                                                                                
                                                                                
                                                                                
                                                                                
                                                                                