╭──────────────────────────────────────────────────────────────────────────────╮
│ Error: test error                                                            │
│ Stack failed                                                                 │
╰──────────────────────────────────────────────────────────────────────────────╯