╭──────────────────────────────────────────────────────────────────────────────╮
│ Program: my-app  │  Stack: dev  │  Runtime: go                               │
│ History  15 updates                                                          │
╰──────────────────────────────────────────────────────────────────────────────╯