                                                                                
                                                                                
                                                                                
                                                                                
                                                                                
                                                                                
                                                                                
                  ╭──────────────────────────────────────────╮                  
                  │                                          │                  
                  │  Select Item                             │                  
                  │                                          │                  
                  │  No items found                          │                  
                  │                                          │                  
                  │  ↑/↓ navigate  enter select  esc cancel  │                  
                  │                                          │                  
                  ╰──────────────────────────────────────────╯                  
                                                                                
                                                                                
                                                                                
                                                                                
                                                                                
                                                                                
                                                                                
                                                                                