                                                                                
                                                                                
                                                                                
                                                                                
                                                                                
                                                                                
                ╭──────────────────────────────────────────────╮                
                │                                              │                
                │  Delete Resource                             │                
                │                                              │                
                │  This will permanently delete the resource.  │                
                │                                              │                
                │  This action cannot be undone!               │                
                │                                              │                
                │  y Confirm  n/esc Cancel                     │                
                │                                              │                
                ╰──────────────────────────────────────────────╯                
                                                                                
                                                                                
                                                                                
                                                                                
                                                                                
                                                                                
                                                                                