                                                                                    
  > #1  update  succeeded  2024-01-15 10:30  +5  by developer "Initial deployment"  
                                                                                    
                                                                                    