╭──────────────────────────────────────────────────────────────────────────────╮
│                                                                              │
│  Operation Failed                                                            │
│                                                                              │
│  The update operation failed                                                 │
│                                                                              │
│                                                                              │
│  Details:                                                                    │
│  ╭────────────────────────────────────────────────────────────────────────╮  │
│  │ Error: resource not found                                              │  │
│  │                                                                        │  │
│  │ Stack trace:                                                           │  │
│  │   at createBucket()                                                    │  │
│  │   at main()                                                            │  │
│  │                                                                        │  │
│  │                                                                        │  │
│  │                                                                        │  │
│  │                                                                        │  │
│  │                                                                        │  │
│  ╰────────────────────────────────────────────────────────────────────────╯  │
│                                                                              │
│                                                                              │
│  enter/esc dismiss  j/k scroll  g/G top/bottom                               │
│                                                                              │
╰──────────────────────────────────────────────────────────────────────────────╯