                                         
  > [+] aws:s3/bucket:Bucket  bucket-1   
    [~] aws:s3/bucket:Bucket  bucket-2   
    [-] aws:s3/bucket:Bucket  bucket-3   
    [+-] aws:s3/bucket:Bucket  bucket-4  
    [ ] aws:s3/bucket:Bucket  bucket-5   
                                         
                                         