                                                                                
                                                                                
                                                                                
                                                                                
                                                                                
                                                                                
                                                                                
                  ╭──────────────────────────────────────────╮                  
                  │                                          │                  
                  │  Select Stack                            │                  
                  │                                          │                  
                  │  > + New Stack                           │                  
                  │                                          │                  
                  │  ↑/↓ navigate  enter select  esc cancel  │                  
                  │                                          │                  
                  ╰──────────────────────────────────────────╯                  
                                                                                
                                                                                
                                                                                
                                                                                
                                                                                
                                                                                
                                                                                
                                                                                