                                                                                
                                                                                
                                                                                
                                                                                
                                                                                
                                                                                
                  ╭──────────────────────────────────────────╮                  
                  │                                          │                  
                  │  Select Item                             │                  
                  │                                          │                  
                  │    item-1                                │                  
                  │  > item-2 (current)                      │                  
                  │    item-3                                │                  
                  │                                          │                  
                  │  ↑/↓ navigate  enter select  esc cancel  │                  
                  │                                          │                  
                  ╰──────────────────────────────────────────╯                  
                                                                                
                                                                                
                                                                                
                                                                                
                                                                                
                                                                                
                                                                                