                                                                                
                                                                                
                                                                                
                                                                                
                                                                                
                                                                                
             ╭────────────────────────────────────────────────────╮             
             │                                                    │             
             │  Select Stack                                      │             
             │                                                    │             
             │    + New Stack                                     │             
             │  > dev (current)                                   │             
             │    staging                                         │             
             │    production                                      │             
             │                                                    │             
             │  ↑/↓ navigate  / filter  enter select  esc cancel  │             
             │                                                    │             
             ╰────────────────────────────────────────────────────╯             
                                                                                
                                                                                
                                                                                
                                                                                
                                                                                
                                                                                