                                                                                
                                                                                
                                                                                
                                                                                
                                                                                
                                                                                
             ╭────────────────────────────────────────────────────╮             
             │                                                    │             
             │  Select Workspace                                  │             
             │                                                    │             
             │  > my-app (current)                                │             
             │    another-app ./another-app                       │             
             │    third-app ./third-app                           │             
             │                                                    │             
             │  ↑/↓ navigate  / filter  enter select  esc cancel  │             
             │                                                    │             
             ╰────────────────────────────────────────────────────╯             
                                                                                
                                                                                
                                                                                
                                                                                
                                                                                
                                                                                
                                                                                