                                                                                
                                                                                
                                                                                
                                                                                
          ╭─────────────────────────────────────────────────────────╮           
          │                                                         │           
          │  Initialize Stack                                       │           
          │                   (1/3)                                 │           
          │  Select or enter stack name                             │           
          │                                                         │           
          │  Backend: https://api.pulumi.com                        │           
          │  User: user@example.com                                 │           
          │                                                         │           
          │  Stack name                                             │           
          │  > Enter stack name...                                  │           
          │                                                         │           
          │  enter next  esc cancel                                 │           
          │                                                         │           
          ╰─────────────────────────────────────────────────────────╯           
                                                                                
                                                                                
                                                                                
                                                                                
                                                                                