╭──────────────────────────────────────────────────────────────────────────────╮
│ Program: my-app  │  Stack: dev  │  Runtime: go                               │
│ ⣾  Loading...                                                                │
╰──────────────────────────────────────────────────────────────────────────────╯