╭──────────────────────────────────────────────────────────────────────────────────────────────────────────────────────╮
│ Program: multi  │  Stack: test  │  Runtime: go                                                                       │
│ Preview Destroy  -3  done                                                                                            │
╰──────────────────────────────────────────────────────────────────────────────────────────────────────────────────────╯

  > [-] pulumi:providers:random  default_4_16_2
    [ ] pulumi:pulumi:Stack  multi-test
    ├─ [-] random:index/randomId:RandomId  base-id  [E]
    └─ [-] random:index/randomString:RandomString  derived-string





























 E:1  C clear all ctrl+u execute  I import  esc back  v select  D details  s stack  w workspace  h history  ? help  q quit