[38A

│ Preview Destroy  -3                                                                                                  │


  > [-] pulumi:providers:random  default_4_16_2                                                                         
    [ ] pulumi:pulumi:Stack  multi-test                                                                                          
    ├─ [-] random:index/randomId:RandomId  base-id  [E]                                                                 
    └─ [-] random:index/randomString:RandomString  derived-string                                                       











                                                                                                                        

















