











                              ╭─────────────────────────────────────────────────────────╮
                              │                                                         │
                              │  Initialize Stack                                       │
                              │                   (1/3)                                 │
                              │  Select or enter stack name                             │
                              │                                                         │
                              │  Backend: file:///tmp/p5-test-backend-XXXXXX            │
                              │  User: rfhold                                           │
                              │                                                         │
                              │  Stack name                                             │
                              │  > Enter stack name...                                  │
                              │                                                         │
                              │  enter next  esc cancel                                 │
                              │                                                         │
                              ╰─────────────────────────────────────────────────────────╯












