[39A╭──────────────────────────────────────────────────────────────────────────────────────────────────────────────────────╮
│ Program: test-project  │  Stack: dev  │  Runtime: ?                                                                  │
│ Stack  5 resources                                                                                                   │
╰──────────────────────────────────────────────────────────────────────────────────────────────────────────────────────╯

  > [ ] pulumi:pulumi:Stack  myapp-dev                                                                                  
    ├─ [ ] aws:s3:Bucket  data-bucket                                                                                   
    ├─ [ ] aws:iam:Role  lambda-role                                                                                    
    ├─ [ ] aws:lambda:Function  api-handler                                                                             
    └─ [ ] aws:apigateway:RestApi  api                                                                                  




                                                                                                                        
                                                                                                                        
                                                                                                                        
                                                                                                                        
                                                                                                                        
                                                                                                                        
                                                                                                                        
                                                                                                                        
                                                                                                                        
                                                                                                                        
                                                                                                                        













             u up  r refresh  d destroy  x delete  v select  D details  s stack  w workspace  h history  ? help  q quit [J