[38A

│ Execute Up  +1                                                                                                       │


  > [+] aws:s3:Bucket  new-bucket created                                                                               
































                                       esc cancel  v select  D details  s stack  w workspace  h history  ? help  q quit 