╭──────────────────────────────────────────────────────────────────────────────────────────────────────────────────────╮
│ Program: simple  │  Stack: teststack  │  Runtime: go                                                                 │
│ ◐  Loading...                                                                                                        │
╰──────────────────────────────────────────────────────────────────────────────────────────────────────────────────────╯
















                                             ◐  Loading stack resources...
















                                               Created stack 'teststack'
             u up  r refresh  d destroy  x delete  v select  D details  s stack  w workspace  h history  ? help  q quit