╭──────────────────────────────────────────────────────────────────────────────────────────────────────────────────────╮
│ Program: multi  │  Stack: test  │  Runtime: go                                                                       │
│ Stack  4 resources                                                                                                   │
╰──────────────────────────────────────────────────────────────────────────────────────────────────────────────────────╯
                                                            ╭──────────────────────────────────────────────────────────╮
    [ ] pulumi:pulumi:Stack  multi-test                     │                                                          │
  > ├─ [ ] random:index/randomId:RandomId  base-id          │  base-id                                                 │
    └─ [ ] random:index/randomString:RandomString  derived-s│                                                          │
    [ ] pulumi:providers:random  default_4_16_2             │  Type: random:index/randomId:RandomId                    │
                                                            │  Op: unchanged                                           │
                                                            │                                                          │
                                                            │  ─── Properties ───                                      │
                                                            │                                                          │
                                                            │    byteLength: 8                                         │
                                                            │                                                          │
                                                            │  ── Computed ──                                          │
                                                            │  + $1: "<B64>"                                           │
                                                            │  + $1: "<B64>"                                           │
                                                            │  + dec: "<DECIMAL-ID>"                                   │
                                                            │  + hex: "<HEX-16-CHARS>"                               │
                                                            │  + $1: "<B64>"                                           │
                                                            │                                                          │
                                                            │                                                          │
                                                            │                                                          │
                                                            │                                                          │
                                                            │                                                          │
                                                            │                                                          │
                                                            │                                                          │
                                                            │                                                          │
                                                            │                                                          │
                                                            │                                                          │
                                                            │                                                          │
                                                            │                                                          │
                                                            │                                                          │
                                                            │                                                          │
                                                            │                                                          │
                                                            │                                                          │
                                                            ╰──────────────────────────────────────────────────────────╯
             u up  r refresh  d destroy  x delete  v select  D details  s stack  w workspace  h history  ? help  q quit