[38A



                                                            ╭──────────────────────────────────────────────────────────╮
    [ ] pulumi:providers:random  default_4_16_2             │                                                          │
    [ ] pulumi:pulumi:Stack  multi-test                     │  base-id                                                 │
  > ├─ [ ] random:index/randomId:RandomId  base-id          │                                                          │
    └─ [ ] random:index/randomString:RandomString  derived-s│  Type: random:index/randomId:RandomId                    │
                                                            │  Op: unchanged                                           │
                                                            │                                                          │
                                                            │  ─── Properties ───                                      │
                                                            │                                                          │
                                                            │    byteLength: 8                                         │
                                                            │                                                          │
                                                            │  ── Computed ──                                          │
                                                            │  + $1: "<B64>"                                           │
                                                            │  + $1: "<B64>"                                           │
                                                            │  + dec: "<DECIMAL-ID>"                                   │
                                                            │  + hex: "<HEX-16-CHARS>"                               │
                                                            │  + $1: "<B64>"                                           │
                                                            │                                                          │
                                                            │                                                          │
                                                            │                                                          │
                                                            │                                                          │
                                                            │                                                          │
                                                            │                                                          │
                                                            │                                                          │
                                                            │                                                          │
                                                            │                                                          │
                                                            │                                                          │
                                                            │                                                          │
                                                            │                                                          │
                                                            │                                                          │
                                                            │                                                          │
                                                            │                                                          │
                                                            │                                                          │
                                                            ╰──────────────────────────────────────────────────────────╯
