[?25l[?2004h╭──────────────────────────────────────────────────────────────────────────────────────────────────────────────────────╮
│ Program: test-project  │  Stack: dev  │  Runtime: ?                                                                  │
│ Preview Destroy  -3                                                                                                  │
╰──────────────────────────────────────────────────────────────────────────────────────────────────────────────────────╯
                                                                                                                        
  > [-] aws:lambda:Function  api-handler                                                                                
    [-] aws:iam:Role  lambda-role                                                                                       
    [-] aws:s3:Bucket  data-bucket                                                                                      
                                                                                                                        
                                                                                                                        
                                                                                                                        
                                                                                                                        
                                                                                                                        
                                                                                                                        
                                                                                                                        
                                                                                                                        
                                                                                                                        
                                                                                                                        
                                                                                                                        
                                                                                                                        
                                                                                                                        
                                                                                                                        
                                                                                                                        
                                                                                                                        
                                                                                                                        
                                                                                                                        
                                                                                                                        
                                                                                                                        
                                                                                                                        
                                                                                                                        
                                                                                                                        
                                                                                                                        
                                                                                                                        
                                                                                                                        
                                                                                                                        
                                                                                                                        
                                                                                                                        
                                                                                                                        
               ctrl+u execute  I import  esc back  v select  D details  s stack  w workspace  h history  ? help  q quit 