╭──────────────────────────────────────────────────────────────────────────────────────────────────────────────────────╮
│ Program: multi  │  Stack: test  │  Runtime: go                                                                       │
│ Stack  4 resources                                                                                                   │
╰──────────────────────────────────────────────────────────────────────────────────────────────────────────────────────╯

    [ ] pulumi:pulumi:Stack  multi-test
    ├─ [ ] random:index/randomId:RandomId  base-id
  > └─ [ ] random:index/randomString:RandomString  derived-string
    [ ] pulumi:providers:random  default_4_16_2





























             u up  r refresh  d destroy  x delete  v select  D details  s stack  w workspace  h history  ? help  q quit