[?25l[?2004h╭──────────────────────────────────────────────────────────────────────────────────────────────────────────────────────╮
│ Program: test-project  │  Stack: dev  │  Runtime: ?                                                                  │
│ Stack  5 resources                                                                                                   │
╰──────────────────────────────────────────────────────────────────────────────────────────────────────────────────────╯
                                                                                                                        
  > [ ] pulumi:pulumi:Stack  myapp-dev                                                                                  
    ├─ [ ] aws:s3:Bucket  data-bucket                                                                                   
    ├─ [ ] aws:iam:Role  lambda-role                                                                                    
    ├─ [ ] aws:lambda:Function  api-handler                                                                             
    └─ [ ] aws:apigateway:RestApi  api                                                                                  
                                                                                                                        
                                                                                                                        
                                                                                                                        
                                                                                                                        
                                                                                                                        
                                                                                                                        
                                                                                                                        
                                                                                                                        
                                                                                                                        
                                                                                                                        
                                                                                                                        
                                                                                                                        
                                                                                                                        
                                                                                                                        
                                                                                                                        
                                                                                                                        
                                                                                                                        
                                                                                                                        
                                                                                                                        
                                                                                                                        
                                                                                                                        
                                                                                                                        
                                                                                                                        
                                                                                                                        
                                                                                                                        
                                                                                                                        
                                                                                                                        
                                                                                                                        
             u up  r refresh  d destroy  x delete  v select  D details  s stack  w workspace  h history  ? help  q quit [38A




    [ ] pulumi:pulumi:Stack  myapp-dev                                                                                  
  > ├─ [ ] aws:s3:Bucket  data-bucket                                                                                   































[38A





































 VISUAL                                                                      T target  R replace  E exclude  esc cancel [38A





    ├─ [ ] aws:s3:Bucket  data-bucket                                                                                   
  > ├─ [ ] aws:iam:Role  lambda-role                                                                                    






























[38A






    ├─ [ ] aws:iam:Role  lambda-role                                                                                    
  > ├─ [ ] aws:lambda:Function  api-handler                                                                             





























[38A





































             u up  r refresh  d destroy  x delete  v select  D details  s stack  w workspace  h history  ? help  q quit 