[38A




    [+] aws:s3:Bucket  new-bucket                                                                                       
  > [~] aws:lambda:Function  api-handler                                                                                































[38A





    [~] aws:lambda:Function  api-handler                                                                                
  > [-] aws:s3:Bucket  old-bucket                                                                                       






























