














                                 ╭────────────────────────────────────────────────────╮
                                 │                                                    │
                                 │  Select Workspace                                  │
                                 │                                                    │
                                 │  > nested-project project                          │
                                 │                                                    │
                                 │  ↑/↓ navigate  / filter  enter select  esc cancel  │
                                 │                                                    │
                                 ╰────────────────────────────────────────────────────╯















