[?25l[?2004h                                                                                                                        
                                                                                                                        
                                                                                                                        
                                                                                                                        
                                                                                                                        
                                                                                                                        
                                                                                                                        
                                                                                                                        
                                                                                                                        
                                                                                                                        
                                                                                                                        
                                                                                                                        
                                                                                                                        
                                                                                                                        
                                                                                                                        
                                      ╭──────────────────────────────────────────╮                                      
                                      │                                          │                                      
                                      │  Select Workspace                        │                                      
                                      │                                          │                                      
                                      │  > nested-project project                │                                      
                                      │                                          │                                      
                                      │  ↑/↓ navigate  enter select  esc cancel  │                                      
                                      │                                          │                                      
                                      ╰──────────────────────────────────────────╯                                      
                                                                                                                        
                                                                                                                        
                                                                                                                        
                                                                                                                        
                                                                                                                        
                                                                                                                        
                                                                                                                        
                                                                                                                        
                                                                                                                        
                                                                                                                        
                                                                                                                        
                                                                                                                        
                                                                                                                        
                                                                                                                        
                                                                                                                        
                                                                                                                        