














                                      ╭──────────────────────────────────────────╮
                                      │                                          │
                                      │  Select Workspace                        │
                                      │                                          │
                                      │  > nested-project project                │
                                      │                                          │
                                      │  ↑/↓ navigate  enter select  esc cancel  │
                                      │                                          │
                                      ╰──────────────────────────────────────────╯















