













                                 ╭───────────────────────────────────────────────────╮
                                 │                                                   │
                                 │  Execute Destroy                                  │
                                 │                                                   │
                                 │  Run Destroy without previewing changes first?    │
                                 │                                                   │
                                 │  This will apply changes to your infrastructure.  │
                                 │                                                   │
                                 │  y Execute  n/esc Cancel                          │
                                 │                                                   │
                                 ╰───────────────────────────────────────────────────╯














