













                                 ╭────────────────────────────────────────────────────╮
                                 │                                                    │
                                 │  Select Stack                                      │
                                 │                                                    │
                                 │    + New Stack                                     │
                                 │  > dev (current)                                   │
                                 │    staging                                         │
                                 │                                                    │
                                 │  ↑/↓ navigate  / filter  enter select  esc cancel  │
                                 │                                                    │
                                 ╰────────────────────────────────────────────────────╯














