[38A

│ History  1 updates                                                                                                   │


  > #1  update  succeeded  YYYY-MM-DD HH:MM  +2                                                                         














                                                                                                                        

















