---
source: src/widgets/scrollable_list.rs
assertion_line: 126
expression: terminal.backend()
---
"┌Scrollable List───────────────────────────────────────────────────────────────┐"
"│Item 1                                                                        │"
"│Item 2                                                                        │"
"│Item 3                                                                        │"
"│Item 4                                                                        │"
"│                                                                              │"
"│                                                                              │"
"│                                                                              │"
"│                                                                              │"
"│                                                                              │"
"│                                                                              │"
"│                                                                              │"
"│                                                                              │"
"│                                                                              │"
"│                                                                              │"
"│                                                                              │"
"│                                                                              │"
"│                                                                              │"
"│                                                                              │"
"└──────────────────────────────────────────────────────────────────────────────┘"
