---
source: src/widgets/splash.rs
assertion_line: 45
expression: terminal.backend()
---
"╭P5────────────────────────────────────────────────────────────────────────────╮"
"│             Press ':' to open the command prompt. Ctrl+C to exit.            │"
"│                                                                              │"
"│                                                                              │"
"│                                                                              │"
"│                                                                              │"
"│                                                                              │"
"│                                                                              │"
"│                                                                              │"
"│                                                                              │"
"│                                                                              │"
"│                                                                              │"
"│                                                                              │"
"│                                                                              │"
"│                                                                              │"
"│                                                                              │"
"│                                                                              │"
"│                                                                              │"
"│                                                                              │"
"╰──────────────────────────────────────────────────────────────────────────────╯"
