---
source: src/widgets/resource_list.rs
assertion_line: 328
expression: terminal.backend()
---
"┌Change Summary────────────────────────────────────────────────────────────────┐"
"│Create    aws:s3/bucket:Bucket      my-bucket                                 │"
"│Delete    aws:s3/bucket:Bucket      old-bucket                                │"
"│                                                                              │"
"│                                                                              │"
"│                                                                              │"
"│                                                                              │"
"│                                                                              │"
"│                                                                              │"
"│                                                                              │"
"│                                                                              │"
"│                                                                              │"
"│                                                                              │"
"│                                                                              │"
"│                                                                              │"
"│                                                                              │"
"│                                                                              │"
"│                                                                              │"
"│                                                                              │"
"└──────────────────────────────────────────────────────────────────────────────┘"
