---
source: src/widgets/resource_list.rs
assertion_line: 282
expression: terminal.backend()
---
"┌Resources─────────────────────────────────────────────────────────────────────┐"
"│pulumi:pulumi:Stack            project                                        │"
"│aws:s3/bucket:Bucket           my-bucket                                      │"
"│                                                                              │"
"│                                                                              │"
"│                                                                              │"
"│                                                                              │"
"│                                                                              │"
"│                                                                              │"
"│                                                                              │"
"│                                                                              │"
"│                                                                              │"
"│                                                                              │"
"│                                                                              │"
"│                                                                              │"
"│                                                                              │"
"│                                                                              │"
"│                                                                              │"
"│                                                                              │"
"└──────────────────────────────────────────────────────────────────────────────┘"
