[38A

│ History  5 updates                                                                                                   │


  > #5  update  succeeded  2024-01-15 10:30  +2  by developer "Add API Gateway endpoint"                                
    #4  update  succeeded  2024-01-14 15:00  ~1  by developer "Update Lambda memory"                                    
    #3  refresh  succeeded  2024-01-13 09:00  5 unchanged                                                               
    #2  update  succeeded  2024-01-10 14:00  +5 "Initial deployment"                                                    
    #1  update  failed  2024-01-10 13:55  +1 "Failed first attempt"                                                     




























                                         esc back  v select  D details  s stack  w workspace  h history  ? help  q quit 