[38A




    #5  update  succeeded  2024-01-15 10:30  +2  by developer "Add API Gateway endpoint"                                
  > #4  update  succeeded  2024-01-14 15:00  ~1  by developer "Update Lambda memory"                                    































[38A





    #4  update  succeeded  2024-01-14 15:00  ~1  by developer "Update Lambda memory"                                    
  > #3  refresh  succeeded  2024-01-13 09:00  5 unchanged                                                               






























