[38A



                                                            ╭──────────────────────────────────────────────────────────╮
    #5  update  succeeded  2024-01-15 10:30  +2  by develope│                                                          │
    #4  update  succeeded  2024-01-14 15:00  ~1  by develope│  Update #3                                               │
  > #3  refresh  succeeded  2024-01-13 09:00  5 unchanged   │                                                          │
    #2  update  succeeded  2024-01-10 14:00  +5 "Initial dep│  Kind: refresh                                           │
    #1  update  failed  2024-01-10 13:55  +1 "Failed first a│  Result: succeeded                                       │
                                                            │  Started: 2024-01-13 09:00:00                            │
                                                            │  Ended: 2024-01-13 09:00:45                              │
                                                            │  Duration: 45.0s                                         │
                                                            │                                                          │
                                                            │  ─── Resource Changes ───                                │
                                                            │                                                          │
                                                            │    = 5 unchanged                                         │
                                                            │                                                          │
                                                            │  Total: 5 resources                                      │
                                                            │                                                          │
                                                            │                                                          │
                                                            │                                                          │
                                                            │                                                          │
                                                            │                                                          │
                                                            │                                                          │
                                                            │                                                          │
                                                            │                                                          │
                                                            │                                                          │
                                                            │                                                          │
                                                            │                                                          │
                                                            │                                                          │
                                                            │                                                          │
                                                            │                                                          │
                                                            │                                                          │
                                                            │                                                          │
                                                            │                                                          │
                                                            │                                                          │
                                                            ╰──────────────────────────────────────────────────────────╯
