[38A

│ History  1 updates                                                                                                   │


  > #10  update  failed  2024-01-20 10:00  no changes "Add web server"                                                  
                                                                                                                        
                                                                                                                        
                                                                                                                        
                                                                                                                        




























                                         esc back  v select  D details  s stack  w workspace  h history  ? help  q quit 