[38A

│ Preview Up failed                                                                                                    │


  Error: Error creating EC2 instance: InsufficientInstanceCapacity: We currently do not have sufficient capacity        
                                                                                                                        
                                                                                                                        
                                                                                                                        
                                                                                                                        




























               ctrl+u execute  I import  esc back  v select  D details  s stack  w workspace  h history  ? help  q quit 