---
source: src/layout.rs
expression: terminal.backend()
---
"╭Workspaces──────────────────╮╭No Workspace Loaded─────────────────────────────────────────────────────────────────────╮"
"│test-workspace              ││Stack: test-stack                                                                       │"
"│                            │╰────────────────────────────────────────────────────────────────────────────────────────╯"
"│                            │╭Preview - Summary───────────────────────────────────────────────────────────────────────╮"
"│                            ││Same      pulumi:pulumi:Stack            debug-base-reference                           │"
"│                            ││Create    local:index/file:File          new                                            │"
"│                            ││Import    random:index/randomString:RandomString import-good                            │"
"│                            ││Read      pulumi:pulumi:StackReference   current                                        │"
"│                            ││Replace   random:index/randomString:RandomString import-good                            │"
"│                            ││Replace   local:index/file:File          iteration                                      │"
"│                            ││Replace   random:index/randomPassword:RandomPassword password                           │"
"│                            ││Replace   local:index/file:File          secret                                         │"
"│                            ││Update    command:local:Command          sleep                                          │"
"│                            ││Replace   local:index/file:File          file-from-command                              │"
"│                            ││Delete    local:index/file:File          discard                                        │"
"│                            ││Delete    local:index/file:File          delete                                         │"
"│                            ││Discard   pulumi:pulumi:StackReference   removed-reference                              │"
"│                            ││                                                                                        │"
"│                            ││                                                                                        │"
"╰────────────────────────────╯│                                                                                        │"
"╭Stacks──────────────────────╮│                                                                                        │"
"│test-stack                  ││                                                                                        │"
"│                            ││                                                                                        │"
"│                            ││                                                                                        │"
"│                            ││                                                                                        │"
"│                            ││                                                                                        │"
"│                            ││                                                                                        │"
"│                            ││                                                                                        │"
"│                            ││                                                                                        │"
"│                            ││                                                                                        │"
"│                            ││                                                                                        │"
"│                            ││                                                                                        │"
"│                            ││                                                                                        │"
"│                            ││                                                                                        │"
"│                            ││                                                                                        │"
"│                            ││                                                                                        │"
"│                            ││                                                                                        │"
"│                            ││                                                                                        │"
"│                            │╰────────────────────────────────────────────────────────────────────────────────────────╯"
"╰────────────────────────────╯                                                                                          "
